2026-01-31 18:21:45 [INFO] Log file: /Users/jordaaan/Library/Mobile Documents/com~apple~CloudDocs/BHT Promo iCloud/Organized AI/Windsurf/Clawdbot Ready/SETUP GUIDES/openclaw-vm-setup/logs/setup-20260131_182145.log
2026-01-31 18:21:45 [INFO] Loaded configuration from /Users/jordaaan/Library/Mobile Documents/com~apple~CloudDocs/BHT Promo iCloud/Organized AI/Windsurf/Clawdbot Ready/SETUP GUIDES/openclaw-vm-setup/config/settings.env
2026-01-31 18:21:45 [INFO] Running on macOS 15.6 (arm64)
2026-01-31 18:21:45 [INFO] Skipping disk space check (not needed for Phase start)
2026-01-31 18:21:45 [INFO] Checking machine identity...
2026-01-31 18:21:45 [INFO] Hostname: Jordans-Mac-mini.local
2026-01-31 18:21:45 [INFO] User: jordaaan
2026-01-31 18:21:45 [INFO] Home: /Users/jordaaan
2026-01-31 18:21:45 [[0;32mSUCCESS[0m] Apple Silicon detected (arm64)
2026-01-31 18:21:45 [INFO] Hardware:       Chip: Apple M4
2026-01-31 18:21:45 [INFO]       Memory: 16 GB
2026-01-31 18:21:45 [INFO] macOS Version: 15.6
2026-01-31 18:21:45 [[0;32mSUCCESS[0m] macOS version OK (Sequoia or later)
2026-01-31 18:21:45 [INFO] Available disk space: 67GB
2026-01-31 18:21:45 [[0;32mSUCCESS[0m] Disk space OK (55GB+ available)
2026-01-31 18:21:45 [INFO] Lume is installed: 0.2.52
2026-01-31 18:21:45 [INFO] Existing VMs: 0
2026-01-31 18:21:45 [INFO] Checking network connectivity...
2026-01-31 18:21:45 [[0;32mSUCCESS[0m] Internet: Connected
2026-01-31 18:21:46 [[1;33mWARN[0m] Lume site: May be blocked or down
2026-01-31 18:21:47 [[0;32mSUCCESS[0m] Apple CDN: Accessible
2026-01-31 18:21:47 [[0;32mSUCCESS[0m] All critical checks passed! Ready to proceed.
2026-01-31 18:21:47 [INFO] Starting VM creation in background...
2026-01-31 18:21:47 [[0;32mSUCCESS[0m] VM creation started in background (PID: 73493)
2026-01-31 18:21:47 [INFO] Monitor progress: tail -f /Users/jordaaan/Library/Mobile Documents/com~apple~CloudDocs/BHT Promo iCloud/Organized AI/Windsurf/Clawdbot Ready/SETUP GUIDES/openclaw-vm-setup/logs/vm-creation-background.log
2026-01-31 18:21:47 [INFO] Check status: ./status.sh
2026-01-31 18:21:47 [INFO] Continue setup when ready: ./setup.sh continue
2026-01-31 18:21:47 [INFO] Lume is already installed: 0.2.52
2026-01-31 18:21:47 [INFO] Skipping Lume installation
2026-01-31 18:21:47 [INFO] Creating VM: openclaw-secure
2026-01-31 18:21:47 [INFO] Creating VM with: CPU=4, Memory=8192MB, Disk=100GB
2026-01-31 18:39:58 [[0;32mSUCCESS[0m] VM created successfully
2026-01-31 18:39:58 [INFO] Starting VM...
