
[0;34m=================================================================[0m
[0;34m  Phase 1: Installing Lume and Creating VM[0m
[0;34m=================================================================[0m

2026-01-31 18:21:47 [INFO] Lume is already installed: 0.2.52
2026-01-31 18:21:47 [INFO] Skipping Lume installation
2026-01-31 18:21:47 [INFO] Creating VM: openclaw-secure
2026-01-31 18:21:47 [INFO] Creating VM with: CPU=4, Memory=8192MB, Disk=100GB
[2026-02-01T00:21:47Z] INFO: Creating VM noDisplay=false unattended=no ipsw=latest disk_size=102400MB name=openclaw-secure debug=false os=macos location=home cpu_count=4 memory_size=8192MB display=1024x768
[2026-02-01T00:21:47Z] INFO: Provisioning marker created name=openclaw-secure
[2026-02-01T00:21:47Z] INFO: Creating VM (internal) name=openclaw-secure os=macos location=home
[2026-02-01T00:21:47Z] INFO: Creating temporary directory path=/Users/jordaaan/.lume/2AB8ABD6-98CC-42E8-B32C-0EB160635CD5/
[2026-02-01T00:21:47Z] INFO: Downloading latest supported Image...
[2026-02-01T00:21:56Z] INFO: Downloading IPSW Progress: 1%
[2026-02-01T00:22:05Z] INFO: Downloading IPSW Progress: 2%
[2026-02-01T00:22:16Z] INFO: Downloading IPSW Progress: 3%
[2026-02-01T00:22:28Z] INFO: Downloading IPSW Progress: 4%
[2026-02-01T00:22:38Z] INFO: Downloading IPSW Progress: 5%
[2026-02-01T00:22:47Z] INFO: Downloading IPSW Progress: 6%
[2026-02-01T00:22:56Z] INFO: Downloading IPSW Progress: 7%
[2026-02-01T00:23:07Z] INFO: Downloading IPSW Progress: 8%
[2026-02-01T00:23:16Z] INFO: Downloading IPSW Progress: 9%
[2026-02-01T00:23:26Z] INFO: Downloading IPSW Progress: 10%
[2026-02-01T00:23:37Z] INFO: Downloading IPSW Progress: 11%
[2026-02-01T00:23:47Z] INFO: Downloading IPSW Progress: 12%
[2026-02-01T00:23:57Z] INFO: Downloading IPSW Progress: 13%
[2026-02-01T00:24:06Z] INFO: Downloading IPSW Progress: 14%
[2026-02-01T00:24:15Z] INFO: Downloading IPSW Progress: 15%
[2026-02-01T00:24:24Z] INFO: Downloading IPSW Progress: 16%
[2026-02-01T00:24:33Z] INFO: Downloading IPSW Progress: 17%
[2026-02-01T00:24:42Z] INFO: Downloading IPSW Progress: 18%
[2026-02-01T00:24:51Z] INFO: Downloading IPSW Progress: 19%
[2026-02-01T00:25:00Z] INFO: Downloading IPSW Progress: 20%
[2026-02-01T00:25:09Z] INFO: Downloading IPSW Progress: 21%
[2026-02-01T00:25:18Z] INFO: Downloading IPSW Progress: 22%
[2026-02-01T00:25:27Z] INFO: Downloading IPSW Progress: 23%
[2026-02-01T00:25:37Z] INFO: Downloading IPSW Progress: 24%
[2026-02-01T00:25:46Z] INFO: Downloading IPSW Progress: 25%
[2026-02-01T00:25:54Z] INFO: Downloading IPSW Progress: 26%
[2026-02-01T00:26:04Z] INFO: Downloading IPSW Progress: 27%
[2026-02-01T00:26:13Z] INFO: Downloading IPSW Progress: 28%
[2026-02-01T00:26:22Z] INFO: Downloading IPSW Progress: 29%
[2026-02-01T00:26:31Z] INFO: Downloading IPSW Progress: 30%
[2026-02-01T00:26:39Z] INFO: Downloading IPSW Progress: 31%
[2026-02-01T00:26:49Z] INFO: Downloading IPSW Progress: 32%
[2026-02-01T00:26:58Z] INFO: Downloading IPSW Progress: 33%
[2026-02-01T00:27:07Z] INFO: Downloading IPSW Progress: 34%
[2026-02-01T00:27:16Z] INFO: Downloading IPSW Progress: 35%
[2026-02-01T00:27:26Z] INFO: Downloading IPSW Progress: 36%
[2026-02-01T00:27:35Z] INFO: Downloading IPSW Progress: 37%
[2026-02-01T00:27:44Z] INFO: Downloading IPSW Progress: 38%
[2026-02-01T00:27:54Z] INFO: Downloading IPSW Progress: 39%
[2026-02-01T00:28:03Z] INFO: Downloading IPSW Progress: 40%
[2026-02-01T00:28:12Z] INFO: Downloading IPSW Progress: 41%
[2026-02-01T00:28:22Z] INFO: Downloading IPSW Progress: 42%
[2026-02-01T00:28:31Z] INFO: Downloading IPSW Progress: 43%
[2026-02-01T00:28:40Z] INFO: Downloading IPSW Progress: 44%
[2026-02-01T00:28:49Z] INFO: Downloading IPSW Progress: 45%
[2026-02-01T00:28:58Z] INFO: Downloading IPSW Progress: 46%
[2026-02-01T00:29:07Z] INFO: Downloading IPSW Progress: 47%
[2026-02-01T00:29:16Z] INFO: Downloading IPSW Progress: 48%
[2026-02-01T00:29:25Z] INFO: Downloading IPSW Progress: 49%
[2026-02-01T00:29:34Z] INFO: Downloading IPSW Progress: 50%
[2026-02-01T00:29:44Z] INFO: Downloading IPSW Progress: 51%
[2026-02-01T00:29:54Z] INFO: Downloading IPSW Progress: 52%
[2026-02-01T00:30:03Z] INFO: Downloading IPSW Progress: 53%
[2026-02-01T00:30:13Z] INFO: Downloading IPSW Progress: 54%
[2026-02-01T00:30:22Z] INFO: Downloading IPSW Progress: 55%
[2026-02-01T00:30:31Z] INFO: Downloading IPSW Progress: 56%
[2026-02-01T00:30:40Z] INFO: Downloading IPSW Progress: 57%
[2026-02-01T00:30:49Z] INFO: Downloading IPSW Progress: 58%
[2026-02-01T00:31:00Z] INFO: Downloading IPSW Progress: 59%
[2026-02-01T00:31:10Z] INFO: Downloading IPSW Progress: 60%
[2026-02-01T00:31:20Z] INFO: Downloading IPSW Progress: 61%
[2026-02-01T00:31:29Z] INFO: Downloading IPSW Progress: 62%
[2026-02-01T00:31:39Z] INFO: Downloading IPSW Progress: 63%
[2026-02-01T00:31:49Z] INFO: Downloading IPSW Progress: 64%
[2026-02-01T00:31:58Z] INFO: Downloading IPSW Progress: 65%
[2026-02-01T00:32:08Z] INFO: Downloading IPSW Progress: 66%
[2026-02-01T00:32:18Z] INFO: Downloading IPSW Progress: 67%
[2026-02-01T00:32:28Z] INFO: Downloading IPSW Progress: 68%
[2026-02-01T00:32:37Z] INFO: Downloading IPSW Progress: 69%
[2026-02-01T00:32:46Z] INFO: Downloading IPSW Progress: 70%
[2026-02-01T00:32:56Z] INFO: Downloading IPSW Progress: 71%
[2026-02-01T00:33:05Z] INFO: Downloading IPSW Progress: 72%
[2026-02-01T00:33:14Z] INFO: Downloading IPSW Progress: 73%
[2026-02-01T00:33:23Z] INFO: Downloading IPSW Progress: 74%
[2026-02-01T00:33:33Z] INFO: Downloading IPSW Progress: 75%
[2026-02-01T00:33:43Z] INFO: Downloading IPSW Progress: 76%
[2026-02-01T00:33:53Z] INFO: Downloading IPSW Progress: 77%
[2026-02-01T00:34:02Z] INFO: Downloading IPSW Progress: 78%
[2026-02-01T00:34:12Z] INFO: Downloading IPSW Progress: 79%
[2026-02-01T00:34:21Z] INFO: Downloading IPSW Progress: 80%
[2026-02-01T00:34:30Z] INFO: Downloading IPSW Progress: 81%
[2026-02-01T00:34:39Z] INFO: Downloading IPSW Progress: 82%
[2026-02-01T00:34:48Z] INFO: Downloading IPSW Progress: 83%
[2026-02-01T00:34:58Z] INFO: Downloading IPSW Progress: 84%
[2026-02-01T00:35:07Z] INFO: Downloading IPSW Progress: 85%
[2026-02-01T00:35:16Z] INFO: Downloading IPSW Progress: 86%
[2026-02-01T00:35:26Z] INFO: Downloading IPSW Progress: 87%
[2026-02-01T00:35:35Z] INFO: Downloading IPSW Progress: 88%
[2026-02-01T00:35:45Z] INFO: Downloading IPSW Progress: 89%
[2026-02-01T00:35:54Z] INFO: Downloading IPSW Progress: 90%
[2026-02-01T00:36:03Z] INFO: Downloading IPSW Progress: 91%
[2026-02-01T00:36:13Z] INFO: Downloading IPSW Progress: 92%
[2026-02-01T00:36:22Z] INFO: Downloading IPSW Progress: 93%
[2026-02-01T00:36:32Z] INFO: Downloading IPSW Progress: 94%
[2026-02-01T00:36:41Z] INFO: Downloading IPSW Progress: 95%
[2026-02-01T00:36:49Z] INFO: Downloading IPSW Progress: 96%
[2026-02-01T00:36:58Z] INFO: Downloading IPSW Progress: 97%
[2026-02-01T00:37:06Z] INFO: Downloading IPSW Progress: 98%
[2026-02-01T00:37:16Z] INFO: Downloading IPSW Progress: 99%
[2026-02-01T00:37:25Z] INFO: Download completed and moved to: /var/folders/sm/b8fpk_r94kncfgfthj3qwlk40000gn/T/latest.ipsw
[2026-02-01T00:37:26Z] INFO: Validating VM disk state diskPath=/Users/jordaaan/.lume/2AB8ABD6-98CC-42E8-B32C-0EB160635CD5/disk.img dirPermissions=755 diskExists=true locationName=home diskPermissions=644 diskSize=107.37 GB
[2026-02-01T00:37:26Z] INFO: Pre-VZMacHardwareModel: hardwareModel=132 bytes
[2026-02-01T00:37:26Z] INFO: Starting macOS installation
[2026-02-01T00:37:26Z] INFO: Installing macOS progress=0%
[2026-02-01T00:37:54Z] INFO: Installing macOS progress=6%
[2026-02-01T00:37:56Z] INFO: Installing macOS progress=10%
[2026-02-01T00:37:57Z] INFO: Installing macOS progress=11%
[2026-02-01T00:37:58Z] INFO: Installing macOS progress=12%
[2026-02-01T00:37:58Z] INFO: Installing macOS progress=13%
[2026-02-01T00:37:59Z] INFO: Installing macOS progress=14%
[2026-02-01T00:38:00Z] INFO: Installing macOS progress=15%
[2026-02-01T00:38:01Z] INFO: Installing macOS progress=16%
[2026-02-01T00:38:02Z] INFO: Installing macOS progress=17%
[2026-02-01T00:38:02Z] INFO: Installing macOS progress=18%
[2026-02-01T00:38:04Z] INFO: Installing macOS progress=19%
[2026-02-01T00:38:05Z] INFO: Installing macOS progress=20%
[2026-02-01T00:38:05Z] INFO: Installing macOS progress=21%
[2026-02-01T00:38:06Z] INFO: Installing macOS progress=22%
[2026-02-01T00:38:06Z] INFO: Installing macOS progress=23%
[2026-02-01T00:38:07Z] INFO: Installing macOS progress=24%
[2026-02-01T00:38:08Z] INFO: Installing macOS progress=25%
[2026-02-01T00:38:09Z] INFO: Installing macOS progress=26%
[2026-02-01T00:38:09Z] INFO: Installing macOS progress=27%
[2026-02-01T00:38:11Z] INFO: Installing macOS progress=28%
[2026-02-01T00:38:12Z] INFO: Installing macOS progress=28%
[2026-02-01T00:38:12Z] INFO: Installing macOS progress=30%
[2026-02-01T00:38:13Z] INFO: Installing macOS progress=31%
[2026-02-01T00:38:14Z] INFO: Installing macOS progress=32%
[2026-02-01T00:38:14Z] INFO: Installing macOS progress=33%
[2026-02-01T00:38:15Z] INFO: Installing macOS progress=34%
[2026-02-01T00:38:16Z] INFO: Installing macOS progress=35%
[2026-02-01T00:38:17Z] INFO: Installing macOS progress=36%
[2026-02-01T00:38:18Z] INFO: Installing macOS progress=37%
[2026-02-01T00:38:19Z] INFO: Installing macOS progress=38%
[2026-02-01T00:38:20Z] INFO: Installing macOS progress=39%
[2026-02-01T00:38:20Z] INFO: Installing macOS progress=40%
[2026-02-01T00:38:21Z] INFO: Installing macOS progress=41%
[2026-02-01T00:38:22Z] INFO: Installing macOS progress=42%
[2026-02-01T00:38:22Z] INFO: Installing macOS progress=43%
[2026-02-01T00:38:24Z] INFO: Installing macOS progress=44%
[2026-02-01T00:38:24Z] INFO: Installing macOS progress=45%
[2026-02-01T00:38:26Z] INFO: Installing macOS progress=46%
[2026-02-01T00:38:27Z] INFO: Installing macOS progress=47%
[2026-02-01T00:38:28Z] INFO: Installing macOS progress=48%
[2026-02-01T00:38:29Z] INFO: Installing macOS progress=49%
[2026-02-01T00:38:29Z] INFO: Installing macOS progress=50%
[2026-02-01T00:38:30Z] INFO: Installing macOS progress=51%
[2026-02-01T00:38:31Z] INFO: Installing macOS progress=52%
[2026-02-01T00:38:31Z] INFO: Installing macOS progress=53%
[2026-02-01T00:38:32Z] INFO: Installing macOS progress=54%
[2026-02-01T00:38:33Z] INFO: Installing macOS progress=55%
[2026-02-01T00:38:33Z] INFO: Installing macOS progress=56%
[2026-02-01T00:38:33Z] INFO: Installing macOS progress=56%
[2026-02-01T00:38:34Z] INFO: Installing macOS progress=57%
[2026-02-01T00:38:34Z] INFO: Installing macOS progress=59%
[2026-02-01T00:38:35Z] INFO: Installing macOS progress=60%
[2026-02-01T00:38:35Z] INFO: Installing macOS progress=61%
[2026-02-01T00:38:35Z] INFO: Installing macOS progress=62%
[2026-02-01T00:38:36Z] INFO: Installing macOS progress=63%
[2026-02-01T00:38:37Z] INFO: Installing macOS progress=64%
[2026-02-01T00:38:37Z] INFO: Installing macOS progress=65%
[2026-02-01T00:38:38Z] INFO: Installing macOS progress=66%
[2026-02-01T00:38:38Z] INFO: Installing macOS progress=67%
[2026-02-01T00:38:39Z] INFO: Installing macOS progress=68%
[2026-02-01T00:38:39Z] INFO: Installing macOS progress=69%
[2026-02-01T00:38:39Z] INFO: Installing macOS progress=70%
[2026-02-01T00:38:40Z] INFO: Installing macOS progress=71%
[2026-02-01T00:38:40Z] INFO: Installing macOS progress=72%
[2026-02-01T00:38:41Z] INFO: Installing macOS progress=73%
[2026-02-01T00:38:42Z] INFO: Installing macOS progress=74%
[2026-02-01T00:38:42Z] INFO: Installing macOS progress=75%
[2026-02-01T00:38:43Z] INFO: Installing macOS progress=76%
[2026-02-01T00:38:43Z] INFO: Installing macOS progress=77%
[2026-02-01T00:38:44Z] INFO: Installing macOS progress=78%
[2026-02-01T00:38:44Z] INFO: Installing macOS progress=79%
[2026-02-01T00:38:44Z] INFO: Installing macOS progress=80%
[2026-02-01T00:38:45Z] INFO: Installing macOS progress=81%
[2026-02-01T00:39:12Z] INFO: Installing macOS progress=82%
[2026-02-01T00:39:13Z] INFO: Installing macOS progress=83%
[2026-02-01T00:39:14Z] INFO: Installing macOS progress=84%
[2026-02-01T00:39:15Z] INFO: Installing macOS progress=85%
[2026-02-01T00:39:15Z] INFO: Installing macOS progress=86%
[2026-02-01T00:39:16Z] INFO: Installing macOS progress=87%
[2026-02-01T00:39:17Z] INFO: Installing macOS progress=90%
[2026-02-01T00:39:58Z] INFO: Installing macOS progress=100%
[2026-02-01T00:39:58Z] INFO: macOS installation finished
[2026-02-01T00:39:58Z] INFO: VM created successfully name=openclaw-secure
[2026-02-01T00:39:58Z] INFO: Provisioning marker cleared name=openclaw-secure
2026-01-31 18:39:58 [[0;32mSUCCESS[0m] VM created successfully
2026-01-31 18:39:58 [INFO] Starting VM...

[1;33m=================================================================[0m
[1;33m  MANUAL STEP REQUIRED[0m
[1;33m=================================================================[0m

Complete the macOS Setup Assistant in the VM window:
  1. Create a LOCAL account (don't sign into iCloud yet)
  2. Username: clawuser
  3. Use a STRONG password (save it securely!)
  4. Enable FileVault when prompted
  5. Skip all 'share data with Apple' options
  6. Go to System Settings → General → Sharing → Enable 'Remote Login'

