[2026-01-31T00:22:54Z] INFO: Creating VM os=macos ipsw=latest memory_size=8192MB name=openclaw-secure display=1024x768 debug=false unattended=no noDisplay=false location=home disk_size=51200MB cpu_count=4
[2026-01-31T00:22:54Z] INFO: Provisioning marker created name=openclaw-secure
[2026-01-31T00:22:54Z] INFO: Creating VM (internal) os=macos name=openclaw-secure location=home
[2026-01-31T00:22:54Z] INFO: Creating temporary directory path=/Users/jordaaan/.lume/7D713FFF-CF40-4FC4-97B5-E3965275E590/
[2026-01-31T00:22:54Z] INFO: Downloading latest supported Image...
[2026-01-31T00:23:09Z] INFO: Downloading IPSW Progress: 1%
[2026-01-31T00:23:19Z] INFO: Downloading IPSW Progress: 2%
[2026-01-31T00:23:29Z] INFO: Downloading IPSW Progress: 3%
[2026-01-31T00:23:39Z] INFO: Downloading IPSW Progress: 4%
[2026-01-31T00:23:49Z] INFO: Downloading IPSW Progress: 5%
[2026-01-31T00:24:00Z] INFO: Downloading IPSW Progress: 6%
[2026-01-31T00:24:10Z] INFO: Downloading IPSW Progress: 7%
[2026-01-31T00:24:19Z] INFO: Downloading IPSW Progress: 8%
[2026-01-31T00:24:30Z] INFO: Downloading IPSW Progress: 9%
[2026-01-31T00:24:40Z] INFO: Downloading IPSW Progress: 10%
[2026-01-31T00:24:50Z] INFO: Downloading IPSW Progress: 11%
[2026-01-31T00:25:00Z] INFO: Downloading IPSW Progress: 12%
[2026-01-31T00:25:10Z] INFO: Downloading IPSW Progress: 13%
[2026-01-31T00:25:21Z] INFO: Downloading IPSW Progress: 14%
[2026-01-31T00:25:31Z] INFO: Downloading IPSW Progress: 15%
[2026-01-31T00:25:42Z] INFO: Downloading IPSW Progress: 16%
[2026-01-31T00:25:53Z] INFO: Downloading IPSW Progress: 17%
[2026-01-31T00:26:06Z] INFO: Downloading IPSW Progress: 18%
[2026-01-31T00:26:18Z] INFO: Downloading IPSW Progress: 19%
[2026-01-31T00:26:29Z] INFO: Downloading IPSW Progress: 20%
[2026-01-31T00:26:40Z] INFO: Downloading IPSW Progress: 21%
[2026-01-31T00:26:51Z] INFO: Downloading IPSW Progress: 22%
[2026-01-31T00:27:01Z] INFO: Downloading IPSW Progress: 23%
[2026-01-31T00:27:12Z] INFO: Downloading IPSW Progress: 24%
[2026-01-31T00:27:22Z] INFO: Downloading IPSW Progress: 25%
[2026-01-31T00:27:33Z] INFO: Downloading IPSW Progress: 26%
[2026-01-31T00:27:43Z] INFO: Downloading IPSW Progress: 27%
[2026-01-31T00:27:53Z] INFO: Downloading IPSW Progress: 28%
[2026-01-31T00:28:03Z] INFO: Downloading IPSW Progress: 29%
[2026-01-31T00:28:14Z] INFO: Downloading IPSW Progress: 30%
[2026-01-31T00:28:25Z] INFO: Downloading IPSW Progress: 31%
[2026-01-31T00:28:36Z] INFO: Downloading IPSW Progress: 32%
[2026-01-31T00:28:49Z] INFO: Downloading IPSW Progress: 33%
[2026-01-31T00:29:01Z] INFO: Downloading IPSW Progress: 34%
[2026-01-31T00:29:12Z] INFO: Downloading IPSW Progress: 35%
[2026-01-31T00:29:28Z] INFO: Downloading IPSW Progress: 36%
[2026-01-31T00:29:39Z] INFO: Downloading IPSW Progress: 37%
[2026-01-31T00:29:49Z] INFO: Downloading IPSW Progress: 38%
[2026-01-31T00:29:59Z] INFO: Downloading IPSW Progress: 39%
[2026-01-31T00:30:09Z] INFO: Downloading IPSW Progress: 40%
[2026-01-31T00:30:19Z] INFO: Downloading IPSW Progress: 41%
[2026-01-31T00:30:29Z] INFO: Downloading IPSW Progress: 42%
[2026-01-31T00:30:39Z] INFO: Downloading IPSW Progress: 43%
[2026-01-31T00:30:50Z] INFO: Downloading IPSW Progress: 44%
[2026-01-31T00:30:59Z] INFO: Downloading IPSW Progress: 45%
[2026-01-31T00:31:11Z] INFO: Downloading IPSW Progress: 46%
[2026-01-31T00:31:21Z] INFO: Downloading IPSW Progress: 47%
[2026-01-31T00:31:31Z] INFO: Downloading IPSW Progress: 48%
[2026-01-31T00:31:43Z] INFO: Downloading IPSW Progress: 49%
[2026-01-31T00:31:54Z] INFO: Downloading IPSW Progress: 50%
[2026-01-31T00:32:05Z] INFO: Downloading IPSW Progress: 51%
[2026-01-31T00:32:15Z] INFO: Downloading IPSW Progress: 52%
[2026-01-31T00:32:27Z] INFO: Downloading IPSW Progress: 53%
[2026-01-31T00:32:39Z] INFO: Downloading IPSW Progress: 54%
[2026-01-31T00:32:53Z] INFO: Downloading IPSW Progress: 55%
[2026-01-31T00:33:04Z] INFO: Downloading IPSW Progress: 56%
[2026-01-31T00:33:16Z] INFO: Downloading IPSW Progress: 57%
[2026-01-31T00:33:29Z] INFO: Downloading IPSW Progress: 58%
[2026-01-31T00:33:40Z] INFO: Downloading IPSW Progress: 59%
[2026-01-31T00:33:52Z] INFO: Downloading IPSW Progress: 60%
[2026-01-31T00:34:03Z] INFO: Downloading IPSW Progress: 61%
[2026-01-31T00:34:14Z] INFO: Downloading IPSW Progress: 62%
[2026-01-31T00:34:24Z] INFO: Downloading IPSW Progress: 63%
[2026-01-31T00:34:33Z] INFO: Downloading IPSW Progress: 64%
[2026-01-31T00:34:44Z] INFO: Downloading IPSW Progress: 65%
[2026-01-31T00:34:55Z] INFO: Downloading IPSW Progress: 66%
[2026-01-31T00:35:06Z] INFO: Downloading IPSW Progress: 67%
[2026-01-31T00:35:17Z] INFO: Downloading IPSW Progress: 68%
[2026-01-31T00:35:29Z] INFO: Downloading IPSW Progress: 69%
[2026-01-31T00:35:40Z] INFO: Downloading IPSW Progress: 70%
[2026-01-31T00:35:51Z] INFO: Downloading IPSW Progress: 71%
[2026-01-31T00:36:02Z] INFO: Downloading IPSW Progress: 72%
[2026-01-31T00:36:12Z] INFO: Downloading IPSW Progress: 73%
[2026-01-31T00:36:22Z] INFO: Downloading IPSW Progress: 74%
[2026-01-31T00:36:32Z] INFO: Downloading IPSW Progress: 75%
[2026-01-31T00:36:42Z] INFO: Downloading IPSW Progress: 76%
[2026-01-31T00:36:52Z] INFO: Downloading IPSW Progress: 77%
[2026-01-31T00:37:02Z] INFO: Downloading IPSW Progress: 78%
[2026-01-31T00:37:11Z] INFO: Downloading IPSW Progress: 79%
[2026-01-31T00:37:21Z] INFO: Downloading IPSW Progress: 80%
[2026-01-31T00:37:31Z] INFO: Downloading IPSW Progress: 81%
[2026-01-31T00:37:42Z] INFO: Downloading IPSW Progress: 82%
[2026-01-31T00:37:53Z] INFO: Downloading IPSW Progress: 83%
[2026-01-31T00:38:04Z] INFO: Downloading IPSW Progress: 84%
[2026-01-31T00:38:14Z] INFO: Downloading IPSW Progress: 85%
[2026-01-31T00:38:25Z] INFO: Downloading IPSW Progress: 86%
[2026-01-31T00:38:35Z] INFO: Downloading IPSW Progress: 87%
[2026-01-31T00:38:45Z] INFO: Downloading IPSW Progress: 88%
[2026-01-31T00:38:55Z] INFO: Downloading IPSW Progress: 89%
[2026-01-31T00:39:05Z] INFO: Downloading IPSW Progress: 90%
[2026-01-31T00:39:20Z] INFO: Downloading IPSW Progress: 91%
[2026-01-31T00:39:35Z] INFO: Downloading IPSW Progress: 92%
[2026-01-31T00:39:46Z] INFO: Downloading IPSW Progress: 93%
[2026-01-31T00:39:56Z] INFO: Downloading IPSW Progress: 94%
[2026-01-31T00:40:07Z] INFO: Downloading IPSW Progress: 95%
[2026-01-31T00:40:17Z] INFO: Downloading IPSW Progress: 96%
[2026-01-31T00:40:27Z] INFO: Downloading IPSW Progress: 97%
[2026-01-31T00:40:38Z] INFO: Downloading IPSW Progress: 98%
[2026-01-31T00:40:49Z] INFO: Downloading IPSW Progress: 99%
[2026-01-31T00:40:59Z] INFO: Download completed and moved to: /var/folders/sm/b8fpk_r94kncfgfthj3qwlk40000gn/T/latest.ipsw
[2026-01-31T00:40:59Z] INFO: Validating VM disk state locationName=home dirPermissions=755 diskPath=/Users/jordaaan/.lume/7D713FFF-CF40-4FC4-97B5-E3965275E590/disk.img diskExists=true diskPermissions=644 diskSize=53.69 GB
[2026-01-31T00:40:59Z] INFO: Pre-VZMacHardwareModel: hardwareModel=132 bytes
[2026-01-31T00:40:59Z] INFO: Starting macOS installation
[2026-01-31T00:40:59Z] INFO: Installing macOS progress=0%
[2026-01-31T00:41:30Z] INFO: Installing macOS progress=6%
[2026-01-31T00:41:32Z] INFO: Installing macOS progress=10%
[2026-01-31T00:41:33Z] INFO: Installing macOS progress=11%
[2026-01-31T00:41:36Z] INFO: Installing macOS progress=12%
[2026-01-31T00:41:36Z] INFO: Installing macOS progress=13%
[2026-01-31T00:41:39Z] INFO: Installing macOS progress=14%
[2026-01-31T00:41:42Z] INFO: Installing macOS progress=15%
[2026-01-31T00:41:44Z] INFO: Installing macOS progress=16%
[2026-01-31T00:41:46Z] INFO: Installing macOS progress=17%
[2026-01-31T00:41:49Z] INFO: Installing macOS progress=18%
[2026-01-31T00:41:58Z] INFO: Installing macOS progress=19%
[2026-01-31T00:41:59Z] INFO: Installing macOS progress=20%
[2026-01-31T00:42:00Z] INFO: Installing macOS progress=21%
[2026-01-31T00:42:02Z] INFO: Installing macOS progress=22%
[2026-01-31T00:42:03Z] INFO: Installing macOS progress=23%
[2026-01-31T00:42:06Z] INFO: Installing macOS progress=24%
[2026-01-31T00:42:08Z] INFO: Installing macOS progress=25%
[2026-01-31T00:42:09Z] INFO: Installing macOS progress=26%
[2026-01-31T00:42:11Z] INFO: Installing macOS progress=27%
[2026-01-31T00:42:21Z] INFO: Installing macOS progress=28%
[2026-01-31T00:42:23Z] INFO: Installing macOS progress=28%
[2026-01-31T00:42:25Z] INFO: Installing macOS progress=30%
[2026-01-31T00:42:30Z] INFO: Installing macOS progress=31%
[2026-01-31T00:42:40Z] INFO: Installing macOS progress=32%
[2026-01-31T00:42:43Z] INFO: Installing macOS progress=33%
[2026-01-31T00:42:45Z] INFO: Installing macOS progress=34%
[2026-01-31T00:42:48Z] INFO: Installing macOS progress=35%
[2026-01-31T00:42:49Z] INFO: Installing macOS progress=36%
[2026-01-31T00:42:53Z] INFO: Installing macOS progress=37%
[2026-01-31T00:42:56Z] INFO: Installing macOS progress=38%
[2026-01-31T00:42:59Z] INFO: Installing macOS progress=39%
[2026-01-31T00:43:03Z] INFO: Installing macOS progress=40%
[2026-01-31T00:43:07Z] INFO: Installing macOS progress=41%
[2026-01-31T00:43:11Z] INFO: Installing macOS progress=42%
[2026-01-31T00:43:17Z] INFO: Installing macOS progress=43%
[2026-01-31T00:43:22Z] INFO: Installing macOS progress=44%
[2026-01-31T00:43:27Z] INFO: Installing macOS progress=45%
[2026-01-31T00:43:36Z] INFO: Installing macOS progress=46%
[2026-01-31T00:43:41Z] INFO: Installing macOS progress=47%
[2026-01-31T00:43:43Z] INFO: Installing macOS progress=48%
[2026-01-31T00:43:45Z] INFO: Installing macOS progress=49%
[2026-01-31T00:43:47Z] INFO: Installing macOS progress=50%
[2026-01-31T00:43:48Z] INFO: Installing macOS progress=51%
[2026-01-31T00:43:50Z] INFO: Installing macOS progress=52%
[2026-01-31T00:43:51Z] INFO: Installing macOS progress=53%
[2026-01-31T00:43:51Z] INFO: Installing macOS progress=54%
[2026-01-31T00:43:52Z] INFO: Installing macOS progress=55%
[2026-01-31T00:43:53Z] INFO: Installing macOS progress=56%
[2026-01-31T00:43:53Z] INFO: Installing macOS progress=56%
[2026-01-31T00:43:54Z] INFO: Installing macOS progress=57%
[2026-01-31T00:43:54Z] INFO: Installing macOS progress=59%
[2026-01-31T00:43:55Z] INFO: Installing macOS progress=60%
[2026-01-31T00:43:55Z] INFO: Installing macOS progress=61%
[2026-01-31T00:43:56Z] INFO: Installing macOS progress=62%
[2026-01-31T00:43:56Z] INFO: Installing macOS progress=63%
[2026-01-31T00:43:57Z] INFO: Installing macOS progress=64%
[2026-01-31T00:43:58Z] INFO: Installing macOS progress=65%
[2026-01-31T00:43:58Z] INFO: Installing macOS progress=66%
[2026-01-31T00:43:59Z] INFO: Installing macOS progress=67%
[2026-01-31T00:43:59Z] INFO: Installing macOS progress=68%
[2026-01-31T00:44:00Z] INFO: Installing macOS progress=69%
[2026-01-31T00:44:00Z] INFO: Installing macOS progress=70%
[2026-01-31T00:44:01Z] INFO: Installing macOS progress=71%
[2026-01-31T00:44:02Z] INFO: Installing macOS progress=72%
[2026-01-31T00:44:03Z] INFO: Installing macOS progress=73%
[2026-01-31T00:44:04Z] INFO: Installing macOS progress=74%
[2026-01-31T00:44:05Z] INFO: Installing macOS progress=75%
[2026-01-31T00:44:05Z] INFO: Installing macOS progress=76%
[2026-01-31T00:44:05Z] INFO: Installing macOS progress=77%
[2026-01-31T00:44:06Z] INFO: Installing macOS progress=78%
[2026-01-31T00:44:06Z] INFO: Installing macOS progress=79%
[2026-01-31T00:44:07Z] INFO: Installing macOS progress=80%
[2026-01-31T00:44:07Z] INFO: Installing macOS progress=81%
[2026-01-31T00:46:21Z] INFO: Installing macOS progress=82%
[2026-01-31T00:46:22Z] INFO: Installing macOS progress=83%
[2026-01-31T00:46:29Z] INFO: Installing macOS progress=84%
[2026-01-31T00:46:30Z] INFO: Installing macOS progress=85%
[2026-01-31T00:46:31Z] INFO: Installing macOS progress=86%
[2026-01-31T00:46:31Z] INFO: Installing macOS progress=87%
[2026-01-31T00:46:36Z] INFO: Installing macOS progress=90%
[2026-01-31T00:47:46Z] INFO: Installing macOS progress=100%
[2026-01-31T00:47:46Z] INFO: macOS installation finished
[2026-01-31T00:47:46Z] INFO: VM created successfully name=openclaw-secure
[2026-01-31T00:47:46Z] INFO: Provisioning marker cleared name=openclaw-secure
